#
# There is insufficient memory for the Java Runtime Environment to continue.
# Native memory allocation (mmap) failed to map 312475648 bytes. Error detail: G1 virtual space
# Possible reasons:
#   The system is out of physical RAM or swap space
#   This process is running with CompressedOops enabled, and the Java Heap may be blocking the growth of the native heap
# Possible solutions:
#   Reduce memory load on the system
#   Increase physical memory or swap space
#   Check if swap backing store is full
#   Decrease Java heap size (-Xmx/-Xms)
#   Decrease number of Java threads
#   Decrease Java thread stack sizes (-Xss)
#   Set larger code cache with -XX:ReservedCodeCacheSize=
#   JVM is running with Unscaled Compressed Oops mode in which the Java heap is
#     placed in the first 4GB address space. The Java Heap base address is the
#     maximum limit for the native heap growth. Please use -XX:HeapBaseMinAddress
#     to set the Java Heap base and to place the Java Heap above 4GB virtual address.
# This output file may be truncated or incomplete.
#
#  Out of Memory Error (os_windows.cpp:3583), pid=4248, tid=12360
#
# JRE version: Java(TM) SE Runtime Environment (26.0+35) (build 26+35-2893)
# Java VM: Java HotSpot(TM) 64-Bit Server VM (26+35-2893, mixed mode, sharing, tiered, compressed oops, compressed class ptrs, g1 gc, windows-amd64)
# No core dump will be written. Minidumps are not enabled by default on client versions of Windows
#

---------------  S U M M A R Y ------------

Command Line: --enable-native-access=ALL-UNNAMED -Dclassworlds.conf=C:\Users\connect\.m2\wrapper\dists\apache-maven-3.9.14\ed7edd442f634ac1c1ef5ba2b61b6d690b5221091f1a8e1123f5fadcc967520d\bin\m2.conf -Dmaven.home=C:\Users\connect\.m2\wrapper\dists\apache-maven-3.9.14\ed7edd442f634ac1c1ef5ba2b61b6d690b5221091f1a8e1123f5fadcc967520d -Dlibrary.jansi.path=C:\Users\connect\.m2\wrapper\dists\apache-maven-3.9.14\ed7edd442f634ac1c1ef5ba2b61b6d690b5221091f1a8e1123f5fadcc967520d\lib\jansi-native -Dmaven.multiModuleProjectDirectory=E:\auth-service\auth-service org.codehaus.plexus.classworlds.launcher.Launcher clean package -DskipTests

Host: Intel(R) Core(TM) i3-10100F CPU @ 3.60GHz, 8 cores, 7G,  Windows 10 , 64 bit Build 19041 (10.0.19041.5915)
Time: Wed Apr 29 20:59:45 2026 Egypt Daylight Time elapsed time: 16.755906 seconds (0d 0h 0m 16s)

---------------  T H R E A D  ---------------

Current thread (0x000001336cd8ace0):  VMThread "VM Thread"          [id=12360, stack(0x0000000553d00000,0x0000000553e00000) (1024K)]

Stack: [0x0000000553d00000,0x0000000553e00000]
Native frames: (J=compiled Java code, j=interpreted, Vv=VM code, C=native code)
V  [jvm.dll+0x7d5719]  (no source info available)
V  [jvm.dll+0x7a367d]  (no source info available)
V  [jvm.dll+0x9b0aa0]  (no source info available)
V  [jvm.dll+0x9b2ef1]  (no source info available)
V  [jvm.dll+0x9b3603]  (no source info available)
V  [jvm.dll+0x30de86]  (no source info available)
V  [jvm.dll+0x7d4be5]  (no source info available)
V  [jvm.dll+0x7c7da7]  (no source info available)
V  [jvm.dll+0x4086f8]  (no source info available)
V  [jvm.dll+0x410a66]  (no source info available)
V  [jvm.dll+0x3fce04]  (no source info available)
V  [jvm.dll+0x3fd0f5]  (no source info available)
V  [jvm.dll+0x3d3a7f]  (no source info available)
V  [jvm.dll+0x3d6cec]  (no source info available)
V  [jvm.dll+0x4222fc]  (no source info available)
V  [jvm.dll+0x420c43]  (no source info available)
V  [jvm.dll+0x3d3218]  (no source info available)
V  [jvm.dll+0x420003]  (no source info available)
V  [jvm.dll+0x9b9ab1]  (no source info available)
V  [jvm.dll+0x9baa7b]  (no source info available)
V  [jvm.dll+0x9baf8c]  (no source info available)
V  [jvm.dll+0x9bb409]  (no source info available)
V  [jvm.dll+0x9bb6b3]  (no source info available)
V  [jvm.dll+0x94f4e9]  (no source info available)
V  [jvm.dll+0x7d71f8]  (no source info available)
C  [ucrtbase.dll+0x21bb2]  (no source info available)
C  [KERNEL32.DLL+0x17374]  (no source info available)
C  [ntdll.dll+0x4cc91]  (no source info available)

VM_Operation (0x00000005535fbfe8): G1CollectForAllocation, mode: safepoint, requested by thread 0x000001336ccd3f50


---------------  P R O C E S S  ---------------

Threads class SMR info:
_java_thread_list=0x0000013315380b30, length=13, elements={
0x000001336ccd3f50, 0x000001336cd9b3c0, 0x000001336cd9be10, 0x000001336cd9dfe0,
0x000001337b220ff0, 0x000001337b224260, 0x000001337b22d430, 0x000001337b232b60,
0x000001337b235770, 0x000001331306d460, 0x00000133130734b0, 0x00000133144deae0,
0x00000133146eea50
}

Java Threads: ( => current thread )
  0x000001336ccd3f50 JavaThread "main"                              [_thread_blocked, id=19224, stack(0x0000000553500000,0x0000000553600000) (1024K)]
  0x000001336cd9b3c0 JavaThread "Reference Handler"          daemon [_thread_blocked, id=18744, stack(0x0000000553e00000,0x0000000553f00000) (1024K)]
  0x000001336cd9be10 JavaThread "Finalizer"                  daemon [_thread_blocked, id=18952, stack(0x0000000553f00000,0x0000000554000000) (1024K)]
  0x000001336cd9dfe0 JavaThread "Signal Dispatcher"          daemon [_thread_blocked, id=15596, stack(0x0000000554000000,0x0000000554100000) (1024K)]
  0x000001337b220ff0 JavaThread "Attach Listener"            daemon [_thread_blocked, id=12540, stack(0x0000000554100000,0x0000000554200000) (1024K)]
  0x000001337b224260 JavaThread "Service Thread"             daemon [_thread_blocked, id=15668, stack(0x0000000554200000,0x0000000554300000) (1024K)]
  0x000001337b22d430 JavaThread "Monitor Deflation Thread"   daemon [_thread_blocked, id=19564, stack(0x0000000554300000,0x0000000554400000) (1024K)]
  0x000001337b232b60 JavaThread "C2 CompilerThread0"         daemon [_thread_in_native, id=13188, stack(0x0000000554400000,0x0000000554500000) (1024K)]
  0x000001337b235770 JavaThread "C1 CompilerThread0"         daemon [_thread_blocked, id=5492, stack(0x0000000554500000,0x0000000554600000) (1024K)]
  0x000001331306d460 JavaThread "Notification Thread"        daemon [_thread_blocked, id=17024, stack(0x0000000554600000,0x0000000554700000) (1024K)]
  0x00000133130734b0 JavaThread "Common-Cleaner"             daemon [_thread_blocked, id=2872, stack(0x0000000554700000,0x0000000554800000) (1024K)]
  0x00000133144deae0 JavaThread "Thread-1"                   daemon [_thread_blocked, id=10660, stack(0x0000000554f00000,0x0000000555000000) (1024K)]
  0x00000133146eea50 JavaThread "C2 CompilerThread1"         daemon [_thread_blocked, id=7764, stack(0x0000000554800000,0x0000000554900000) (1024K)]
Total: 13

Other Threads:
=>0x000001336cd8ace0 VMThread "VM Thread"                           [id=12360, stack(0x0000000553d00000,0x0000000553e00000) (1024K)]
  0x000001337b21ca10 WatcherThread "VM Periodic Task Thread"        [id=17200, stack(0x0000000553c00000,0x0000000553d00000) (1024K)]
  0x000001336cd15450 WorkerThread "GC Thread#0"                     [id=20388, stack(0x0000000553600000,0x0000000553700000) (1024K)]
  0x0000013313574b50 WorkerThread "GC Thread#1"                     [id=20860, stack(0x0000000554a00000,0x0000000554b00000) (1024K)]
  0x0000013313cc4840 WorkerThread "GC Thread#2"                     [id=18828, stack(0x0000000554b00000,0x0000000554c00000) (1024K)]
  0x0000013314385490 WorkerThread "GC Thread#3"                     [id=16656, stack(0x0000000554d00000,0x0000000554e00000) (1024K)]
  0x0000013313cf6f50 WorkerThread "GC Thread#4"                     [id=20020, stack(0x0000000554c00000,0x0000000554d00000) (1024K)]
  0x0000013313cf7370 WorkerThread "GC Thread#5"                     [id=2928, stack(0x0000000554e00000,0x0000000554f00000) (1024K)]
  0x000001331426e880 WorkerThread "GC Thread#6"                     [id=12308, stack(0x0000000555000000,0x0000000555100000) (1024K)]
  0x0000013314270b00 WorkerThread "GC Thread#7"                     [id=19536, stack(0x0000000555100000,0x0000000555200000) (1024K)]
  0x000001336cd2e210 ConcurrentGCThread "G1 Main Marker"            [id=19448, stack(0x0000000553700000,0x0000000553800000) (1024K)]
  0x000001336cd2ed90 WorkerThread "G1 Conc#0"                       [id=19396, stack(0x0000000553800000,0x0000000553900000) (1024K)]
  0x0000013313c13400 WorkerThread "G1 Conc#1"                       [id=18868, stack(0x0000000554900000,0x0000000554a00000) (1024K)]
  0x000001336cd6f340 WorkerThread "G1 Refinement Workers#0"         [id=20132, stack(0x0000000553a00000,0x0000000553b00000) (1024K)]
  0x000001336cd6e780 ConcurrentGCThread "G1 Refine Control"         [id=18792, stack(0x0000000553900000,0x0000000553a00000) (1024K)]
  0x000001336cd6feb0 ConcurrentGCThread "G1 Service"                [id=20536, stack(0x0000000553b00000,0x0000000553c00000) (1024K)]
Total: 16

Threads with active compile tasks:
C2 CompilerThread0  16880 9135       4       org.apache.maven.model.inheritance.DefaultInheritanceAssembler$InheritanceModelMerger::mergePluginContainer_Plugins (433 bytes)
C2 CompilerThread1  16880 8942   !   4       com.google.inject.spi.InjectionPoint::getInjectionPoints (489 bytes)
Total: 2

VM state: at safepoint (normal execution)

VM Mutex/Monitor currently owned by a thread:  ([mutex/lock_event])
[0x00007fffd894ed08] Threads_lock - owner thread: 0x000001336cd8ace0
[0x00007fffd894ef88] Heap_lock - owner thread: 0x000001336ccd3f50

Heap address: 0x0000000081000000, size: 2032 MB, Compressed Oops mode: 32-bit

CDS archive(s) mapped at: [0x0000000011000000-0x0000000011de0000-0x0000000011de0000), size 14548992, SharedBaseAddress: 0x0000000011000000, ArchiveRelocationMode: 1.
Compressed class space mapped at: 0x0000000012000000-0x0000000052000000, reserved size: 1073741824
UseCompressedClassPointers 1, UseCompactObjectHeaders 0
Narrow klass pointer bits 32, Max shift 3
Narrow klass base: 0x0000000011000000, Narrow klass shift: 0
Encoding Range: [0x0000000011000000 - 0x0000000111000000), (4294967296 bytes)
Klass Range:    [0x0000000011000000 - 0x0000000052000000), (1090519040 bytes)
Klass ID Range:  [8 - 1090519033) (1090519025)
Protection zone: [0x0000000011000000 - 0x0000000011010000), (65536 bytes)

GC Precious Log:
 CardTable entry size: 512
 Card Set container configuration: InlinePtr #cards 5 size 8 Array Of Cards #cards 10 size 36 Howl #buckets 4 coarsen threshold 1843 Howl Bitmap #cards 512 size 80 coarsen threshold 460 Card regions per heap region 1 cards per card region 2048
 CPUs: 8 total, 8 available
 Memory: 8121M
 Large Page Support: Disabled
 NUMA Support: Disabled
 Compressed Oops: Enabled (32-bit)
 Heap Region Size: 1M
 Heap Min Capacity: 8M
 Heap Initial Capacity: 8M
 Heap Max Capacity: 2032M
 Pre-touch: Disabled
 Parallel Workers: 8
 Concurrent Workers: 2
 Concurrent Refinement Workers: 8
 Periodic GC: Disabled

Heap:
 garbage-first heap   total reserved 2080768K, committed 152576K, used 71901K [0x0000000081000000, 0x0000000100000000)
  region size 1M, 0 eden (0M), 5 survivor (5M), 57 old (57M), 9 humongous (9M), 78 free (78M)

Heap Regions: E=young(eden), S=young(survivor), O=old, HS=humongous(starts), HC=humongous(continues), CS=collection set, F=free, TAMS=top-at-mark-start, PB=parsable bottom
|    0|0x0000000081000000, 0x0000000081100000, 0x0000000081100000|100%| O|  |TAMS 0x0000000081000000| PB 0x0000000081000000| Untracked |  0
|    1|0x0000000081100000, 0x0000000081200000, 0x0000000081200000|100%| O|  |TAMS 0x0000000081100000| PB 0x0000000081100000| Untracked |  0
|    2|0x0000000081200000, 0x0000000081300000, 0x0000000081300000|100%| O|  |TAMS 0x0000000081200000| PB 0x0000000081200000| Untracked |  0
|    3|0x0000000081300000, 0x0000000081400000, 0x0000000081400000|100%| O|  |TAMS 0x0000000081300000| PB 0x0000000081300000| Untracked |  0
|    4|0x0000000081400000, 0x0000000081500000, 0x0000000081500000|100%| O|  |TAMS 0x0000000081400000| PB 0x0000000081400000| Untracked |  0
|    5|0x0000000081500000, 0x0000000081600000, 0x0000000081600000|100%| O|  |TAMS 0x0000000081500000| PB 0x0000000081500000| Untracked |  0
|    6|0x0000000081600000, 0x0000000081700000, 0x0000000081700000|100%| O|  |TAMS 0x0000000081600000| PB 0x0000000081600000| Untracked |  0
|    7|0x0000000081700000, 0x0000000081800000, 0x0000000081800000|100%| O|  |TAMS 0x0000000081700000| PB 0x0000000081700000| Untracked |  0
|    8|0x0000000081800000, 0x0000000081900000, 0x0000000081900000|100%| O|  |TAMS 0x0000000081800000| PB 0x0000000081800000| Untracked |  0
|    9|0x0000000081900000, 0x0000000081a00000, 0x0000000081a00000|100%| O|  |TAMS 0x0000000081900000| PB 0x0000000081900000| Untracked |  0
|   10|0x0000000081a00000, 0x0000000081b00000, 0x0000000081b00000|100%| O|  |TAMS 0x0000000081a00000| PB 0x0000000081a00000| Untracked |  0
|   11|0x0000000081b00000, 0x0000000081c00000, 0x0000000081c00000|100%| O|  |TAMS 0x0000000081b00000| PB 0x0000000081b00000| Untracked |  0
|   12|0x0000000081c00000, 0x0000000081d00000, 0x0000000081d00000|100%| O|  |TAMS 0x0000000081c00000| PB 0x0000000081c00000| Untracked |  0
|   13|0x0000000081d00000, 0x0000000081e00000, 0x0000000081e00000|100%| O|  |TAMS 0x0000000081d00000| PB 0x0000000081d00000| Untracked |  0
|   14|0x0000000081e00000, 0x0000000081f00000, 0x0000000081f00000|100%| O|  |TAMS 0x0000000081e00000| PB 0x0000000081e00000| Untracked |  0
|   15|0x0000000081f00000, 0x0000000082000000, 0x0000000082000000|100%| O|  |TAMS 0x0000000081f00000| PB 0x0000000081f00000| Untracked |  0
|   16|0x0000000082000000, 0x0000000082100000, 0x0000000082100000|100%| O|Cm|TAMS 0x0000000082000000| PB 0x0000000082000000| Complete  |  0
|   17|0x0000000082100000, 0x0000000082200000, 0x0000000082200000|100%|HS|  |TAMS 0x0000000082100000| PB 0x0000000082100000| Complete  |  0
|   18|0x0000000082200000, 0x0000000082300000, 0x0000000082300000|100%| O|  |TAMS 0x0000000082200000| PB 0x0000000082200000| Untracked |  0
|   19|0x0000000082300000, 0x0000000082400000, 0x0000000082400000|100%| O|  |TAMS 0x0000000082300000| PB 0x0000000082300000| Untracked |  0
|   20|0x0000000082400000, 0x0000000082400000, 0x0000000082500000|  0%| F|  |TAMS 0x0000000082400000| PB 0x0000000082400000| Untracked |  0
|   21|0x0000000082500000, 0x0000000082500000, 0x0000000082600000|  0%| F|  |TAMS 0x0000000082500000| PB 0x0000000082500000| Untracked |  0
|   22|0x0000000082600000, 0x0000000082600000, 0x0000000082700000|  0%| F|  |TAMS 0x0000000082600000| PB 0x0000000082600000| Untracked |  0
|   23|0x0000000082700000, 0x0000000082800000, 0x0000000082800000|100%|HS|  |TAMS 0x0000000082700000| PB 0x0000000082700000| Complete  |  0
|   24|0x0000000082800000, 0x0000000082900000, 0x0000000082900000|100%|HC|  |TAMS 0x0000000082800000| PB 0x0000000082800000| Complete  |  0
|   25|0x0000000082900000, 0x0000000082a00000, 0x0000000082a00000|100%|HC|  |TAMS 0x0000000082900000| PB 0x0000000082900000| Complete  |  0
|   26|0x0000000082a00000, 0x0000000082b00000, 0x0000000082b00000|100%| O|  |TAMS 0x0000000082a00000| PB 0x0000000082a00000| Untracked |  0
|   27|0x0000000082b00000, 0x0000000082c00000, 0x0000000082c00000|100%| O|Cm|TAMS 0x0000000082b00000| PB 0x0000000082b00000| Complete  |  0
|   28|0x0000000082c00000, 0x0000000082d00000, 0x0000000082d00000|100%| O|Cm|TAMS 0x0000000082c00000| PB 0x0000000082c00000| Complete  |  0
|   29|0x0000000082d00000, 0x0000000082e00000, 0x0000000082e00000|100%| O|Cm|TAMS 0x0000000082d00000| PB 0x0000000082d00000| Complete  |  0
|   30|0x0000000082e00000, 0x0000000082f00000, 0x0000000082f00000|100%| O|Cm|TAMS 0x0000000082e00000| PB 0x0000000082e00000| Complete  |  0
|   31|0x0000000082f00000, 0x0000000083000000, 0x0000000083000000|100%| O|Cm|TAMS 0x0000000082f00000| PB 0x0000000082f00000| Complete  |  0
|   32|0x0000000083000000, 0x0000000083100000, 0x0000000083100000|100%| O|  |TAMS 0x0000000083000000| PB 0x0000000083000000| Untracked |  0
|   33|0x0000000083100000, 0x0000000083200000, 0x0000000083200000|100%| O|  |TAMS 0x0000000083100000| PB 0x0000000083100000| Untracked |  0
|   34|0x0000000083200000, 0x0000000083300000, 0x0000000083300000|100%| O|  |TAMS 0x0000000083200000| PB 0x0000000083200000| Untracked |  0
|   35|0x0000000083300000, 0x0000000083400000, 0x0000000083400000|100%| O|  |TAMS 0x0000000083300000| PB 0x0000000083300000| Untracked |  0
|   36|0x0000000083400000, 0x0000000083500000, 0x0000000083500000|100%| O|Cm|TAMS 0x0000000083400000| PB 0x0000000083400000| Complete  |  0
|   37|0x0000000083500000, 0x0000000083600000, 0x0000000083600000|100%| O|Cm|TAMS 0x0000000083500000| PB 0x0000000083500000| Complete  |  0
|   38|0x0000000083600000, 0x0000000083700000, 0x0000000083700000|100%| O|  |TAMS 0x0000000083600000| PB 0x0000000083600000| Untracked |  0
|   39|0x0000000083700000, 0x0000000083800000, 0x0000000083800000|100%| O|  |TAMS 0x0000000083700000| PB 0x0000000083700000| Untracked |  0
|   40|0x0000000083800000, 0x0000000083900000, 0x0000000083900000|100%| O|Cm|TAMS 0x0000000083800000| PB 0x0000000083800000| Complete  |  0
|   41|0x0000000083900000, 0x0000000083a00000, 0x0000000083a00000|100%| O|  |TAMS 0x0000000083900000| PB 0x0000000083900000| Untracked |  0
|   42|0x0000000083a00000, 0x0000000083b00000, 0x0000000083b00000|100%| O|  |TAMS 0x0000000083a00000| PB 0x0000000083a00000| Untracked |  0
|   43|0x0000000083b00000, 0x0000000083c00000, 0x0000000083c00000|100%|HS|  |TAMS 0x0000000083b00000| PB 0x0000000083b00000| Complete  |  0
|   44|0x0000000083c00000, 0x0000000083d00000, 0x0000000083d00000|100%|HC|  |TAMS 0x0000000083c00000| PB 0x0000000083c00000| Complete  |  0
|   45|0x0000000083d00000, 0x0000000083e00000, 0x0000000083e00000|100%|HC|  |TAMS 0x0000000083d00000| PB 0x0000000083d00000| Complete  |  0
|   46|0x0000000083e00000, 0x0000000083f00000, 0x0000000083f00000|100%|HS|  |TAMS 0x0000000083e00000| PB 0x0000000083e00000| Complete  |  0
|   47|0x0000000083f00000, 0x0000000084000000, 0x0000000084000000|100%|HS|  |TAMS 0x0000000083f00000| PB 0x0000000083f00000| Complete  |  0
|   48|0x0000000084000000, 0x0000000084000000, 0x0000000084100000|  0%| F|  |TAMS 0x0000000084000000| PB 0x0000000084000000| Untracked |  0
|   49|0x0000000084100000, 0x0000000084100000, 0x0000000084200000|  0%| F|  |TAMS 0x0000000084100000| PB 0x0000000084100000| Untracked |  0
|   50|0x0000000084200000, 0x0000000084200000, 0x0000000084300000|  0%| F|  |TAMS 0x0000000084200000| PB 0x0000000084200000| Untracked |  0
|   51|0x0000000084300000, 0x0000000084300000, 0x0000000084400000|  0%| F|  |TAMS 0x0000000084300000| PB 0x0000000084300000| Untracked |  0
|   52|0x0000000084400000, 0x0000000084400000, 0x0000000084500000|  0%| F|  |TAMS 0x0000000084400000| PB 0x0000000084400000| Untracked |  0
|   53|0x0000000084500000, 0x0000000084500000, 0x0000000084600000|  0%| F|  |TAMS 0x0000000084500000| PB 0x0000000084500000| Untracked |  0
|   54|0x0000000084600000, 0x0000000084600000, 0x0000000084700000|  0%| F|  |TAMS 0x0000000084600000| PB 0x0000000084600000| Untracked |  0
|   55|0x0000000084700000, 0x0000000084700000, 0x0000000084800000|  0%| F|  |TAMS 0x0000000084700000| PB 0x0000000084700000| Untracked |  0
|   56|0x0000000084800000, 0x0000000084900000, 0x0000000084900000|100%| O|  |TAMS 0x0000000084800000| PB 0x0000000084800000| Untracked |  0
|   57|0x0000000084900000, 0x0000000084a00000, 0x0000000084a00000|100%| O|  |TAMS 0x0000000084900000| PB 0x0000000084900000| Untracked |  0
|   58|0x0000000084a00000, 0x0000000084b00000, 0x0000000084b00000|100%| O|  |TAMS 0x0000000084a00000| PB 0x0000000084a00000| Untracked |  0
|   59|0x0000000084b00000, 0x0000000084c00000, 0x0000000084c00000|100%| O|  |TAMS 0x0000000084b00000| PB 0x0000000084b00000| Untracked |  0
|   60|0x0000000084c00000, 0x0000000084c00000, 0x0000000084d00000|  0%| F|  |TAMS 0x0000000084c00000| PB 0x0000000084c00000| Untracked |  0
|   61|0x0000000084d00000, 0x0000000084e00000, 0x0000000084e00000|100%| O|  |TAMS 0x0000000084d00000| PB 0x0000000084d00000| Untracked |  0
|   62|0x0000000084e00000, 0x0000000084e80000, 0x0000000084f00000| 50%| O|  |TAMS 0x0000000084e00000| PB 0x0000000084e00000| Untracked |  0
|   63|0x0000000084f00000, 0x0000000084f00000, 0x0000000085000000|  0%| F|  |TAMS 0x0000000084f00000| PB 0x0000000084f00000| Untracked |  0
|   64|0x0000000085000000, 0x0000000085000000, 0x0000000085100000|  0%| F|  |TAMS 0x0000000085000000| PB 0x0000000085000000| Untracked |  0
|   65|0x0000000085100000, 0x0000000085100000, 0x0000000085200000|  0%| F|  |TAMS 0x0000000085100000| PB 0x0000000085100000| Untracked |  0
|   66|0x0000000085200000, 0x0000000085200000, 0x0000000085300000|  0%| F|  |TAMS 0x0000000085200000| PB 0x0000000085200000| Untracked |  0
|   67|0x0000000085300000, 0x0000000085300000, 0x0000000085400000|  0%| F|  |TAMS 0x0000000085300000| PB 0x0000000085300000| Untracked |  0
|   68|0x0000000085400000, 0x0000000085400000, 0x0000000085500000|  0%| F|  |TAMS 0x0000000085400000| PB 0x0000000085400000| Untracked |  0
|   69|0x0000000085500000, 0x0000000085500000, 0x0000000085600000|  0%| F|  |TAMS 0x0000000085500000| PB 0x0000000085500000| Untracked |  0
|   70|0x0000000085600000, 0x0000000085600000, 0x0000000085700000|  0%| F|  |TAMS 0x0000000085600000| PB 0x0000000085600000| Untracked |  0
|   71|0x0000000085700000, 0x0000000085700000, 0x0000000085800000|  0%| F|  |TAMS 0x0000000085700000| PB 0x0000000085700000| Untracked |  0
|   72|0x0000000085800000, 0x0000000085800000, 0x0000000085900000|  0%| F|  |TAMS 0x0000000085800000| PB 0x0000000085800000| Untracked |  0
|   73|0x0000000085900000, 0x0000000085900000, 0x0000000085a00000|  0%| F|  |TAMS 0x0000000085900000| PB 0x0000000085900000| Untracked |  0
|   74|0x0000000085a00000, 0x0000000085a00000, 0x0000000085b00000|  0%| F|  |TAMS 0x0000000085a00000| PB 0x0000000085a00000| Untracked |  0
|   75|0x0000000085b00000, 0x0000000085b00000, 0x0000000085c00000|  0%| F|  |TAMS 0x0000000085b00000| PB 0x0000000085b00000| Untracked |  0
|   76|0x0000000085c00000, 0x0000000085c00000, 0x0000000085d00000|  0%| F|  |TAMS 0x0000000085c00000| PB 0x0000000085c00000| Untracked |  0
|   77|0x0000000085d00000, 0x0000000085d00000, 0x0000000085e00000|  0%| F|  |TAMS 0x0000000085d00000| PB 0x0000000085d00000| Untracked |  0
|   78|0x0000000085e00000, 0x0000000085e00000, 0x0000000085f00000|  0%| F|  |TAMS 0x0000000085e00000| PB 0x0000000085e00000| Untracked |  0
|   79|0x0000000085f00000, 0x0000000085f00000, 0x0000000086000000|  0%| F|  |TAMS 0x0000000085f00000| PB 0x0000000085f00000| Untracked |  0
|   80|0x0000000086000000, 0x0000000086000000, 0x0000000086100000|  0%| F|  |TAMS 0x0000000086000000| PB 0x0000000086000000| Untracked |  0
|   81|0x0000000086100000, 0x0000000086100000, 0x0000000086200000|  0%| F|  |TAMS 0x0000000086100000| PB 0x0000000086100000| Untracked |  0
|   82|0x0000000086200000, 0x0000000086200000, 0x0000000086300000|  0%| F|  |TAMS 0x0000000086200000| PB 0x0000000086200000| Untracked |  0
|   83|0x0000000086300000, 0x0000000086300000, 0x0000000086400000|  0%| F|  |TAMS 0x0000000086300000| PB 0x0000000086300000| Untracked |  0
|   84|0x0000000086400000, 0x0000000086400000, 0x0000000086500000|  0%| F|  |TAMS 0x0000000086400000| PB 0x0000000086400000| Untracked |  0
|   85|0x0000000086500000, 0x0000000086500000, 0x0000000086600000|  0%| F|  |TAMS 0x0000000086500000| PB 0x0000000086500000| Untracked |  0
|   86|0x0000000086600000, 0x0000000086600000, 0x0000000086700000|  0%| F|  |TAMS 0x0000000086600000| PB 0x0000000086600000| Untracked |  0
|   87|0x0000000086700000, 0x0000000086700000, 0x0000000086800000|  0%| F|  |TAMS 0x0000000086700000| PB 0x0000000086700000| Untracked |  0
|   88|0x0000000086800000, 0x0000000086800000, 0x0000000086900000|  0%| F|  |TAMS 0x0000000086800000| PB 0x0000000086800000| Untracked |  0
|   89|0x0000000086900000, 0x0000000086900000, 0x0000000086a00000|  0%| F|  |TAMS 0x0000000086900000| PB 0x0000000086900000| Untracked |  0
|   90|0x0000000086a00000, 0x0000000086a00000, 0x0000000086b00000|  0%| F|  |TAMS 0x0000000086a00000| PB 0x0000000086a00000| Untracked |  0
|   91|0x0000000086b00000, 0x0000000086b00000, 0x0000000086c00000|  0%| F|  |TAMS 0x0000000086b00000| PB 0x0000000086b00000| Untracked |  0
|   92|0x0000000086c00000, 0x0000000086c00000, 0x0000000086d00000|  0%| F|  |TAMS 0x0000000086c00000| PB 0x0000000086c00000| Untracked |  0
|   93|0x0000000086d00000, 0x0000000086d00000, 0x0000000086e00000|  0%| F|  |TAMS 0x0000000086d00000| PB 0x0000000086d00000| Untracked |  0
|   94|0x0000000086e00000, 0x0000000086e00000, 0x0000000086f00000|  0%| F|  |TAMS 0x0000000086e00000| PB 0x0000000086e00000| Untracked |  0
|   95|0x0000000086f00000, 0x0000000086f00000, 0x0000000087000000|  0%| F|  |TAMS 0x0000000086f00000| PB 0x0000000086f00000| Untracked |  0
|   96|0x0000000087000000, 0x0000000087000000, 0x0000000087100000|  0%| F|  |TAMS 0x0000000087000000| PB 0x0000000087000000| Untracked |  0
|   97|0x0000000087100000, 0x0000000087100000, 0x0000000087200000|  0%| F|  |TAMS 0x0000000087100000| PB 0x0000000087100000| Untracked |  0
|   98|0x0000000087200000, 0x0000000087200000, 0x0000000087300000|  0%| F|  |TAMS 0x0000000087200000| PB 0x0000000087200000| Untracked |  0
|   99|0x0000000087300000, 0x0000000087300000, 0x0000000087400000|  0%| F|  |TAMS 0x0000000087300000| PB 0x0000000087300000| Untracked |  0
|  100|0x0000000087400000, 0x0000000087400000, 0x0000000087500000|  0%| F|  |TAMS 0x0000000087400000| PB 0x0000000087400000| Untracked |  0
|  101|0x0000000087500000, 0x0000000087500000, 0x0000000087600000|  0%| F|  |TAMS 0x0000000087500000| PB 0x0000000087500000| Untracked |  0
|  102|0x0000000087600000, 0x0000000087600000, 0x0000000087700000|  0%| F|  |TAMS 0x0000000087600000| PB 0x0000000087600000| Untracked |  0
|  103|0x0000000087700000, 0x0000000087700000, 0x0000000087800000|  0%| F|  |TAMS 0x0000000087700000| PB 0x0000000087700000| Untracked |  0
|  104|0x0000000087800000, 0x0000000087800000, 0x0000000087900000|  0%| F|  |TAMS 0x0000000087800000| PB 0x0000000087800000| Untracked |  0
|  105|0x0000000087900000, 0x0000000087900000, 0x0000000087a00000|  0%| F|  |TAMS 0x0000000087900000| PB 0x0000000087900000| Untracked |  0
|  106|0x0000000087a00000, 0x0000000087a00000, 0x0000000087b00000|  0%| F|  |TAMS 0x0000000087a00000| PB 0x0000000087a00000| Untracked |  0
|  107|0x0000000087b00000, 0x0000000087b00000, 0x0000000087c00000|  0%| F|  |TAMS 0x0000000087b00000| PB 0x0000000087b00000| Untracked |  0
|  108|0x0000000087c00000, 0x0000000087c00000, 0x0000000087d00000|  0%| F|  |TAMS 0x0000000087c00000| PB 0x0000000087c00000| Untracked |  0
|  109|0x0000000087d00000, 0x0000000087d00000, 0x0000000087e00000|  0%| F|  |TAMS 0x0000000087d00000| PB 0x0000000087d00000| Untracked |  0
|  110|0x0000000087e00000, 0x0000000087e00000, 0x0000000087f00000|  0%| F|  |TAMS 0x0000000087e00000| PB 0x0000000087e00000| Untracked |  0
|  111|0x0000000087f00000, 0x0000000087f00000, 0x0000000088000000|  0%| F|  |TAMS 0x0000000087f00000| PB 0x0000000087f00000| Untracked |  0
|  112|0x0000000088000000, 0x0000000088000000, 0x0000000088100000|  0%| F|  |TAMS 0x0000000088000000| PB 0x0000000088000000| Untracked |  0
|  113|0x0000000088100000, 0x0000000088100000, 0x0000000088200000|  0%| F|  |TAMS 0x0000000088100000| PB 0x0000000088100000| Untracked |  0
|  114|0x0000000088200000, 0x0000000088200000, 0x0000000088300000|  0%| F|  |TAMS 0x0000000088200000| PB 0x0000000088200000| Untracked |  0
|  115|0x0000000088300000, 0x0000000088300000, 0x0000000088400000|  0%| F|  |TAMS 0x0000000088300000| PB 0x0000000088300000| Untracked |  0
|  116|0x0000000088400000, 0x0000000088400000, 0x0000000088500000|  0%| F|  |TAMS 0x0000000088400000| PB 0x0000000088400000| Untracked |  0
|  117|0x0000000088500000, 0x0000000088500000, 0x0000000088600000|  0%| F|  |TAMS 0x0000000088500000| PB 0x0000000088500000| Untracked |  0
|  118|0x0000000088600000, 0x0000000088600000, 0x0000000088700000|  0%| F|  |TAMS 0x0000000088600000| PB 0x0000000088600000| Untracked |  0
|  119|0x0000000088700000, 0x0000000088700000, 0x0000000088800000|  0%| F|  |TAMS 0x0000000088700000| PB 0x0000000088700000| Untracked |  0
|  120|0x0000000088800000, 0x0000000088800000, 0x0000000088900000|  0%| F|  |TAMS 0x0000000088800000| PB 0x0000000088800000| Untracked |  0
|  121|0x0000000088900000, 0x0000000088900000, 0x0000000088a00000|  0%| F|  |TAMS 0x0000000088900000| PB 0x0000000088900000| Untracked |  0
|  122|0x0000000088a00000, 0x0000000088a00000, 0x0000000088b00000|  0%| F|  |TAMS 0x0000000088a00000| PB 0x0000000088a00000| Untracked |  0
|  123|0x0000000088b00000, 0x0000000088b00000, 0x0000000088c00000|  0%| F|  |TAMS 0x0000000088b00000| PB 0x0000000088b00000| Untracked |  0
|  124|0x0000000088c00000, 0x0000000088c00000, 0x0000000088d00000|  0%| F|  |TAMS 0x0000000088c00000| PB 0x0000000088c00000| Untracked |  0
|  125|0x0000000088d00000, 0x0000000088d00000, 0x0000000088e00000|  0%| F|  |TAMS 0x0000000088d00000| PB 0x0000000088d00000| Untracked |  0
|  126|0x0000000088e00000, 0x0000000088e00000, 0x0000000088f00000|  0%| F|  |TAMS 0x0000000088e00000| PB 0x0000000088e00000| Untracked |  0
|  127|0x0000000088f00000, 0x0000000088f00000, 0x0000000089000000|  0%| F|  |TAMS 0x0000000088f00000| PB 0x0000000088f00000| Untracked |  0
|  128|0x0000000089000000, 0x0000000089100000, 0x0000000089100000|100%| S|CS|TAMS 0x0000000089000000| PB 0x0000000089000000| Complete  |  0
|  129|0x0000000089100000, 0x0000000089200000, 0x0000000089200000|100%| S|CS|TAMS 0x0000000089100000| PB 0x0000000089100000| Complete  |  0
|  130|0x0000000089200000, 0x0000000089300000, 0x0000000089300000|100%| S|CS|TAMS 0x0000000089200000| PB 0x0000000089200000| Complete  |  0
|  131|0x0000000089300000, 0x0000000089400000, 0x0000000089400000|100%| S|CS|TAMS 0x0000000089300000| PB 0x0000000089300000| Complete  |  0
|  132|0x0000000089400000, 0x00000000894b75e0, 0x0000000089500000| 71%| S|CS|TAMS 0x0000000089400000| PB 0x0000000089400000| Complete  |  0
| 2016|0x00000000ff000000, 0x00000000ff100000, 0x00000000ff100000|100%| O|  |TAMS 0x00000000ff000000| PB 0x00000000ff000000| Untracked |  0
| 2017|0x00000000ff100000, 0x00000000ff200000, 0x00000000ff200000|100%| O|Cm|TAMS 0x00000000ff100000| PB 0x00000000ff100000| Complete  |  0
| 2018|0x00000000ff200000, 0x00000000ff300000, 0x00000000ff300000|100%| O|Cm|TAMS 0x00000000ff200000| PB 0x00000000ff200000| Complete  |  0
| 2019|0x00000000ff300000, 0x00000000ff400000, 0x00000000ff400000|100%| O|Cm|TAMS 0x00000000ff300000| PB 0x00000000ff300000| Complete  |  0
| 2020|0x00000000ff400000, 0x00000000ff500000, 0x00000000ff500000|100%| O|Cm|TAMS 0x00000000ff400000| PB 0x00000000ff400000| Complete  |  0
| 2021|0x00000000ff500000, 0x00000000ff600000, 0x00000000ff600000|100%| O|  |TAMS 0x00000000ff500000| PB 0x00000000ff500000| Untracked |  0
| 2022|0x00000000ff600000, 0x00000000ff700000, 0x00000000ff700000|100%| O|Cm|TAMS 0x00000000ff600000| PB 0x00000000ff600000| Complete  |  0
| 2023|0x00000000ff700000, 0x00000000ff800000, 0x00000000ff800000|100%| O|  |TAMS 0x00000000ff700000| PB 0x00000000ff700000| Untracked |  0
| 2024|0x00000000ff800000, 0x00000000ff900000, 0x00000000ff900000|100%| O|Cm|TAMS 0x00000000ff800000| PB 0x00000000ff800000| Complete  |  0
| 2025|0x00000000ff900000, 0x00000000ffa00000, 0x00000000ffa00000|100%| O|  |TAMS 0x00000000ff900000| PB 0x00000000ff900000| Untracked |  0
| 2026|0x00000000ffa00000, 0x00000000ffb00000, 0x00000000ffb00000|100%| O|Cm|TAMS 0x00000000ffa00000| PB 0x00000000ffa00000| Complete  |  0
| 2027|0x00000000ffb00000, 0x00000000ffc00000, 0x00000000ffc00000|100%| O|  |TAMS 0x00000000ffb00000| PB 0x00000000ffb00000| Untracked |  0
| 2028|0x00000000ffc00000, 0x00000000ffd00000, 0x00000000ffd00000|100%| O|Cm|TAMS 0x00000000ffc00000| PB 0x00000000ffc00000| Complete  |  0
| 2029|0x00000000ffd00000, 0x00000000ffe00000, 0x00000000ffe00000|100%| O|  |TAMS 0x00000000ffd00000| PB 0x00000000ffd00000| Untracked |  0
| 2030|0x00000000ffe00000, 0x00000000fff00000, 0x00000000fff00000|100%| O|  |TAMS 0x00000000ffe00000| PB 0x00000000ffe00000| Untracked |  0
| 2031|0x00000000fff00000, 0x00000000fff00000, 0x0000000100000000|  0%| F|  |TAMS 0x00000000fff00000| PB 0x00000000fff00000| Untracked |  0

Card table byte_map: [0x00000133760b0000,0x00000133764b0000] _byte_map_base: 0x0000013375ca8000
Refinement table byte_map: [0x00000133764b0000,0x00000133768b0000] _byte_map_base: 0x00000133760a8000

Marking Bits: (CMBitMap*) 0x000001336cd15bd0
 Bits: [0x00000133768b0000, 0x0000013378870000)

Polling page: 0x000001336aa80000

Metaspace:
Metaspace        used 36054K, committed 36608K, reserved 1114112K
 class space     used 4360K, committed 4608K, reserved 1048576K

Usage:
  Non-class:     30.95 MB used.
      Class:      4.26 MB used.
       Both:     35.21 MB used.

Virtual space:
  Non-class space:       64.00 MB reserved,      31.25 MB ( 49%) committed,  1 nodes.
      Class space:        1.00 GB reserved,       4.50 MB ( <1%) committed,  1 nodes.
             Both:        1.06 GB reserved,      35.75 MB (  3%) committed. 

Chunk freelists:
   Non-Class:  400.00 KB
       Class:  11.52 MB
        Both:  11.91 MB

MaxMetaspaceSize: unlimited
CompressedClassSpaceSize: 1.00 GB
Initial GC threshold: 21.00 MB
Current GC threshold: 55.12 MB
CDS: on
 - commit_granule_bytes: 65536.
 - commit_granule_words: 8192.
 - virtual_space_node_default_size: 8388608.
 - enlarge_chunks_in_place: 1.
UseCompressedClassPointers 1, UseCompactObjectHeaders 0
Narrow klass pointer bits 32, Max shift 3
Narrow klass base: 0x0000000011000000, Narrow klass shift: 0
Encoding Range: [0x0000000011000000 - 0x0000000111000000), (4294967296 bytes)
Klass Range:    [0x0000000011000000 - 0x0000000052000000), (1090519040 bytes)
Klass ID Range:  [8 - 1090519033) (1090519025)
Protection zone: [0x0000000011000000 - 0x0000000011010000), (65536 bytes)


Internal statistics:

num_allocs_failed_limit: 3.
num_arena_births: 534.
num_arena_deaths: 0.
num_vsnodes_births: 2.
num_vsnodes_deaths: 0.
num_space_committed: 572.
num_space_uncommitted: 0.
num_chunks_returned_to_freelist: 3.
num_chunks_taken_from_freelist: 1911.
num_chunk_merges: 3.
num_chunk_splits: 1330.
num_chunks_enlarged: 1035.
num_inconsistent_stats: 0.

CodeHeap 'non-profiled nmethods': size=120064Kb used=3339Kb max_used=3353Kb free=116724Kb
 bounds [0x0000013307ac0000, 0x0000013307e20000, 0x000001330f000000]
CodeHeap 'profiled nmethods': size=120000Kb used=13567Kb max_used=14009Kb free=106432Kb
 bounds [0x0000013300000000, 0x0000013300dc0000, 0x0000013307530000]
CodeHeap 'non-nmethods': size=5696Kb used=1490Kb max_used=1578Kb free=4205Kb
 bounds [0x0000013307530000, 0x00000133077a0000, 0x0000013307ac0000]
CodeCache: size=245760Kb, used=18396Kb, max_used=18940Kb, free=227361Kb
 total_blobs=9005, nmethods=8395, adapters=514, full_count=0
Compilation: enabled, stopped_count=0, restarted_count=0

Compilation events (20 events):
Event: 16.698 Thread 0x000001337b235770 9177       3       java.util.Collections$UnmodifiableMap::equals (24 bytes)
Event: 16.698 Thread 0x000001337b235770 nmethod 9177 0x00000133001bc108 code [0x00000133001bc200, 0x00000133001bc440]
Event: 16.698 Thread 0x000001337b235770 9178       3       org.eclipse.aether.internal.impl.DefaultArtifactResolver::resolveArtifact (33 bytes)
Event: 16.699 Thread 0x000001337b235770 nmethod 9178 0x0000013300126208 code [0x0000013300126300, 0x0000013300126b30]
Event: 16.704 Thread 0x000001337b235770 9179   !   3       org.codehaus.plexus.util.xml.pull.MXParser::parseEpilog (739 bytes)
Event: 16.708 Thread 0x000001337b235770 nmethod 9179 0x000001330004ef08 code [0x000001330004f000, 0x00000133000527f8]
Event: 16.708 Thread 0x000001337b235770 9181       3       org.apache.maven.model.building.DefaultModelBuilder::build (1154 bytes)
Event: 16.720 Thread 0x000001337b235770 nmethod 9181 0x0000013300254308 code [0x0000013300254420, 0x000001330025cb38]
Event: 16.720 Thread 0x000001337b235770 9180       3       org.codehaus.plexus.util.xml.pull.MXParser::getPositionDescription (211 bytes)
Event: 16.721 Thread 0x000001337b235770 nmethod 9180 0x0000013300081d88 code [0x0000013300081e80, 0x0000013300083df8]
Event: 16.721 Thread 0x000001337b235770 9183       3       org.eclipse.aether.internal.impl.collect.DataPool$HardInternPool::intern (15 bytes)
Event: 16.722 Thread 0x000001337b235770 nmethod 9183 0x00000133001d9508 code [0x00000133001d9600, 0x00000133001d9c78]
Event: 16.722 Thread 0x000001337b235770 9184       3       org.eclipse.aether.internal.impl.collect.DataPool$HardInternPool$$Lambda/0x000000001221d118::<init> (10 bytes)
Event: 16.722 Thread 0x000001337b235770 nmethod 9184 0x0000013300046d88 code [0x0000013300046e80, 0x0000013300047028]
Event: 16.722 Thread 0x000001337b235770 9182       3       java.lang.Boolean::toString (8 bytes)
Event: 16.722 Thread 0x000001337b235770 nmethod 9182 0x0000013300125f08 code [0x0000013300126000, 0x00000133001261d0]
Event: 16.730 Thread 0x000001337b235770 9185       3       org.apache.maven.model.io.DefaultModelReader::isStrict (37 bytes)
Event: 16.730 Thread 0x000001337b235770 nmethod 9185 0x00000133001d8f88 code [0x00000133001d9080, 0x00000133001d94f8]
Event: 16.731 Thread 0x000001337b235770 9186   !   3       org.apache.maven.model.io.DefaultModelReader::read (58 bytes)
Event: 16.731 Thread 0x000001337b235770 nmethod 9186 0x0000013300281f88 code [0x0000013300282080, 0x0000013300282b90]

GC Heap Usage History (20 events):
Event: 4.310 {heap After GC invocations=19 (full 0):
 garbage-first heap   total reserved 2080768K, committed 38912K, used 16801K [0x0000000081000000, 0x0000000100000000)
  region size 1M, 0 eden (0M), 2 survivor (2M), 15 old (15M), 0 humongous (0M), 21 free (21M)
}
Event: 5.136 {heap Before GC invocations=19 (full 0):
 garbage-first heap   total reserved 2080768K, committed 38912K, used 33185K [0x0000000081000000, 0x0000000100000000)
  region size 1M, 16 eden (16M), 2 survivor (2M), 15 old (15M), 0 humongous (0M), 5 free (5M)
}
Event: 5.140 {heap After GC invocations=20 (full 0):
 garbage-first heap   total reserved 2080768K, committed 38912K, used 17397K [0x0000000081000000, 0x0000000100000000)
  region size 1M, 0 eden (0M), 2 survivor (2M), 15 old (15M), 0 humongous (0M), 21 free (21M)
}
Event: 5.547 {heap Before GC invocations=20 (full 0):
 garbage-first heap   total reserved 2080768K, committed 38912K, used 33781K [0x0000000081000000, 0x0000000100000000)
  region size 1M, 17 eden (17M), 2 survivor (2M), 15 old (15M), 0 humongous (0M), 4 free (4M)
}
Event: 5.554 {heap After GC invocations=21 (full 0):
 garbage-first heap   total reserved 2080768K, committed 38912K, used 18597K [0x0000000081000000, 0x0000000100000000)
  region size 1M, 0 eden (0M), 3 survivor (3M), 16 old (16M), 0 humongous (0M), 19 free (19M)
}
Event: 6.105 {heap Before GC invocations=21 (full 0):
 garbage-first heap   total reserved 2080768K, committed 38912K, used 33957K [0x0000000081000000, 0x0000000100000000)
  region size 1M, 15 eden (15M), 3 survivor (3M), 16 old (16M), 1 humongous (1M), 3 free (3M)
}
Event: 6.114 {heap After GC invocations=22 (full 0):
 garbage-first heap   total reserved 2080768K, committed 39936K, used 19941K [0x0000000081000000, 0x0000000100000000)
  region size 1M, 0 eden (0M), 3 survivor (3M), 17 old (17M), 0 humongous (0M), 19 free (19M)
}
Event: 6.161 {heap Before GC invocations=22 (full 0):
 garbage-first heap   total reserved 2080768K, committed 39936K, used 20965K [0x0000000081000000, 0x0000000100000000)
  region size 1M, 2 eden (2M), 3 survivor (3M), 17 old (17M), 0 humongous (0M), 17 free (17M)
}
Event: 6.168 {heap After GC invocations=23 (full 0):
 garbage-first heap   total reserved 2080768K, committed 39936K, used 19702K [0x0000000081000000, 0x0000000100000000)
  region size 1M, 0 eden (0M), 1 survivor (1M), 19 old (19M), 0 humongous (0M), 19 free (19M)
}
Event: 6.758 {heap Before GC invocations=24 (full 0):
 garbage-first heap   total reserved 2080768K, committed 39936K, used 39158K [0x0000000081000000, 0x0000000100000000)
  region size 1M, 13 eden (13M), 1 survivor (1M), 19 old (19M), 6 humongous (6M), 0 free (0M)
}
Event: 6.776 {heap After GC invocations=25 (full 0):
 garbage-first heap   total reserved 2080768K, committed 135168K, used 30720K [0x0000000081000000, 0x0000000100000000)
  region size 1M, 0 eden (0M), 3 survivor (3M), 21 old (21M), 6 humongous (6M), 102 free (102M)
}
Event: 9.172 {heap Before GC invocations=25 (full 0):
 garbage-first heap   total reserved 2080768K, committed 135168K, used 108544K [0x0000000081000000, 0x0000000100000000)
  region size 1M, 76 eden (76M), 3 survivor (3M), 21 old (21M), 7 humongous (7M), 25 free (25M)
}
Event: 9.202 {heap After GC invocations=26 (full 0):
 garbage-first heap   total reserved 2080768K, committed 135168K, used 44331K [0x0000000081000000, 0x0000000100000000)
  region size 1M, 0 eden (0M), 10 survivor (10M), 27 old (27M), 7 humongous (7M), 88 free (88M)
}
Event: 11.108 {heap Before GC invocations=26 (full 0):
 garbage-first heap   total reserved 2080768K, committed 135168K, used 114987K [0x0000000081000000, 0x0000000100000000)
  region size 1M, 69 eden (69M), 10 survivor (10M), 27 old (27M), 7 humongous (7M), 19 free (19M)
}
Event: 11.134 {heap After GC invocations=27 (full 0):
 garbage-first heap   total reserved 2080768K, committed 135168K, used 48107K [0x0000000081000000, 0x0000000100000000)
  region size 1M, 0 eden (0M), 4 survivor (4M), 37 old (37M), 7 humongous (7M), 84 free (84M)
}
Event: 13.219 {heap Before GC invocations=27 (full 0):
 garbage-first heap   total reserved 2080768K, committed 135168K, used 124907K [0x0000000081000000, 0x0000000100000000)
  region size 1M, 68 eden (68M), 4 survivor (4M), 37 old (37M), 14 humongous (14M), 9 free (9M)
}
Event: 13.259 {heap After GC invocations=28 (full 0):
 garbage-first heap   total reserved 2080768K, committed 147456K, used 71168K [0x0000000081000000, 0x0000000100000000)
  region size 1M, 0 eden (0M), 9 survivor (9M), 49 old (49M), 12 humongous (12M), 74 free (74M)
}
Event: 14.974 {heap Before GC invocations=28 (full 0):
 garbage-first heap   total reserved 2080768K, committed 147456K, used 110080K [0x0000000081000000, 0x0000000100000000)
  region size 1M, 40 eden (40M), 9 survivor (9M), 49 old (49M), 12 humongous (12M), 34 free (34M)
}
Event: 14.993 {heap After GC invocations=29 (full 0):
 garbage-first heap   total reserved 2080768K, committed 147456K, used 72180K [0x0000000081000000, 0x0000000100000000)
  region size 1M, 0 eden (0M), 2 survivor (2M), 57 old (57M), 12 humongous (12M), 73 free (73M)
}
Event: 16.732 {heap Before GC invocations=30 (full 0):
 garbage-first heap   total reserved 2080768K, committed 147456K, used 146932K [0x0000000081000000, 0x0000000100000000)
  region size 1M, 52 eden (52M), 2 survivor (2M), 57 old (57M), 33 humongous (33M), 0 free (0M)
}

Metaspace Usage History (20 events):
Event: 4.310 {metaspace After GC invocations=19 (full 0):
 Metaspace       used 15736K, committed 15936K, reserved 1114112K
  class space    used 1905K, committed 1984K, reserved 1048576K
}
Event: 5.136 {metaspace Before GC invocations=19 (full 0):
 Metaspace       used 16390K, committed 16576K, reserved 1114112K
  class space    used 1980K, committed 2048K, reserved 1048576K
}
Event: 5.140 {metaspace After GC invocations=20 (full 0):
 Metaspace       used 16390K, committed 16576K, reserved 1114112K
  class space    used 1980K, committed 2048K, reserved 1048576K
}
Event: 5.547 {metaspace Before GC invocations=20 (full 0):
 Metaspace       used 17330K, committed 17664K, reserved 1114112K
  class space    used 2075K, committed 2240K, reserved 1048576K
}
Event: 5.554 {metaspace After GC invocations=21 (full 0):
 Metaspace       used 17330K, committed 17664K, reserved 1114112K
  class space    used 2075K, committed 2240K, reserved 1048576K
}
Event: 6.105 {metaspace Before GC invocations=21 (full 0):
 Metaspace       used 19749K, committed 20032K, reserved 1114112K
  class space    used 2359K, committed 2496K, reserved 1048576K
}
Event: 6.114 {metaspace After GC invocations=22 (full 0):
 Metaspace       used 19749K, committed 20032K, reserved 1114112K
  class space    used 2359K, committed 2496K, reserved 1048576K
}
Event: 6.161 {metaspace Before GC invocations=22 (full 0):
 Metaspace       used 19928K, committed 20224K, reserved 1114112K
  class space    used 2385K, committed 2496K, reserved 1048576K
}
Event: 6.168 {metaspace After GC invocations=23 (full 0):
 Metaspace       used 19928K, committed 20224K, reserved 1114112K
  class space    used 2385K, committed 2496K, reserved 1048576K
}
Event: 6.758 {metaspace Before GC invocations=24 (full 0):
 Metaspace       used 23719K, committed 24064K, reserved 1114112K
  class space    used 2868K, committed 3008K, reserved 1048576K
}
Event: 6.776 {metaspace After GC invocations=25 (full 0):
 Metaspace       used 23719K, committed 24064K, reserved 1114112K
  class space    used 2868K, committed 3008K, reserved 1048576K
}
Event: 9.172 {metaspace Before GC invocations=25 (full 0):
 Metaspace       used 28230K, committed 28608K, reserved 1114112K
  class space    used 3391K, committed 3520K, reserved 1048576K
}
Event: 9.202 {metaspace After GC invocations=26 (full 0):
 Metaspace       used 28230K, committed 28608K, reserved 1114112K
  class space    used 3391K, committed 3520K, reserved 1048576K
}
Event: 11.108 {metaspace Before GC invocations=26 (full 0):
 Metaspace       used 31161K, committed 31680K, reserved 1114112K
  class space    used 3754K, committed 4032K, reserved 1048576K
}
Event: 11.134 {metaspace After GC invocations=27 (full 0):
 Metaspace       used 31161K, committed 31680K, reserved 1114112K
  class space    used 3754K, committed 4032K, reserved 1048576K
}
Event: 13.219 {metaspace Before GC invocations=27 (full 0):
 Metaspace       used 31536K, committed 32064K, reserved 1114112K
  class space    used 3788K, committed 4032K, reserved 1048576K
}
Event: 13.259 {metaspace After GC invocations=28 (full 0):
 Metaspace       used 31536K, committed 32064K, reserved 1114112K
  class space    used 3788K, committed 4032K, reserved 1048576K
}
Event: 14.974 {metaspace Before GC invocations=28 (full 0):
 Metaspace       used 33137K, committed 33728K, reserved 1114112K
  class space    used 3977K, committed 4224K, reserved 1048576K
}
Event: 14.993 {metaspace After GC invocations=29 (full 0):
 Metaspace       used 33137K, committed 33728K, reserved 1114112K
  class space    used 3977K, committed 4224K, reserved 1048576K
}
Event: 16.732 {metaspace Before GC invocations=30 (full 0):
 Metaspace       used 36054K, committed 36608K, reserved 1114112K
  class space    used 4360K, committed 4608K, reserved 1048576K
}

Dll operation events (14 events):
Event: 0.006 Attempting to load shared library C:\Program Files (x86)\java\bin\java.dll
Event: 0.007 Loaded shared library C:\Program Files (x86)\java\bin\java.dll
Event: 0.048 Attempting to load shared library C:\Program Files (x86)\java\bin\net.dll
Event: 0.050 Loaded shared library C:\Program Files (x86)\java\bin\net.dll
Event: 0.052 Attempting to load shared library C:\Program Files (x86)\java\bin\nio.dll
Event: 0.054 Loaded shared library C:\Program Files (x86)\java\bin\nio.dll
Event: 0.058 Attempting to load shared library C:\Program Files (x86)\java\bin\zip.dll
Event: 0.060 Loaded shared library C:\Program Files (x86)\java\bin\zip.dll
Event: 0.254 Attempting to load shared library C:\Program Files (x86)\java\bin\jimage.dll
Event: 0.254 Loaded shared library C:\Program Files (x86)\java\bin\jimage.dll
Event: 0.256 Attempting to load shared library C:\Users\connect\.m2\wrapper\dists\apache-maven-3.9.14\ed7edd442f634ac1c1ef5ba2b61b6d690b5221091f1a8e1123f5fadcc967520d\lib\jansi-native\Windows\x86_64\jansi.dll
Event: 0.256 Loaded shared library C:\Users\connect\.m2\wrapper\dists\apache-maven-3.9.14\ed7edd442f634ac1c1ef5ba2b61b6d690b5221091f1a8e1123f5fadcc967520d\lib\jansi-native\Windows\x86_64\jansi.dll
Event: 0.283 Attempting to load shared library C:\Program Files (x86)\java\bin\verify.dll
Event: 0.285 Loaded shared library C:\Program Files (x86)\java\bin\verify.dll

Deoptimization events (20 events):
Event: 16.360 Thread 0x00000133135dc9d0 Uncommon trap: trap_request=0xffffff45 fr.pc=0x0000013307c4ddbc relative=0x000000000000013c
Event: 16.360 Thread 0x00000133135dc9d0 Uncommon trap: reason=unstable_if action=reinterpret pc=0x0000013307c4ddbc method=java.lang.ThreadLocal.get(Ljava/lang/Thread;)Ljava/lang/Object; @ 7 c2
Event: 16.360 Thread 0x00000133135dc9d0 DEOPT PACKING pc=0x0000013307c4ddbc sp=0x00000005556fe7c0
Event: 16.360 Thread 0x00000133135dc9d0 DEOPT UNPACKING pc=0x0000013307652602 sp=0x00000005556fe6f8 mode 2
Event: 16.572 Thread 0x000001336ccd3f50 Uncommon trap: trap_request=0xffffffde fr.pc=0x0000013307c25eb8 relative=0x0000000000000438
Event: 16.572 Thread 0x000001336ccd3f50 Uncommon trap: reason=class_check action=maybe_recompile pc=0x0000013307c25eb8 method=org.codehaus.plexus.interpolation.MapBasedValueSource.getValue(Ljava/lang/String;)Ljava/lang/Object; @ 16 c2
Event: 16.572 Thread 0x000001336ccd3f50 DEOPT PACKING pc=0x0000013307c25eb8 sp=0x00000005535fc540
Event: 16.572 Thread 0x000001336ccd3f50 DEOPT UNPACKING pc=0x0000013307652602 sp=0x00000005535fc4d8 mode 2
Event: 16.572 Thread 0x000001336ccd3f50 Uncommon trap: trap_request=0xffffffde fr.pc=0x0000013307c25eb8 relative=0x0000000000000438
Event: 16.572 Thread 0x000001336ccd3f50 Uncommon trap: reason=class_check action=maybe_recompile pc=0x0000013307c25eb8 method=org.codehaus.plexus.interpolation.MapBasedValueSource.getValue(Ljava/lang/String;)Ljava/lang/Object; @ 16 c2
Event: 16.572 Thread 0x000001336ccd3f50 DEOPT PACKING pc=0x0000013307c25eb8 sp=0x00000005535fc540
Event: 16.572 Thread 0x000001336ccd3f50 DEOPT UNPACKING pc=0x0000013307652602 sp=0x00000005535fc4d8 mode 2
Event: 16.572 Thread 0x000001336ccd3f50 Uncommon trap: trap_request=0xffffffde fr.pc=0x0000013307c25eb8 relative=0x0000000000000438
Event: 16.572 Thread 0x000001336ccd3f50 Uncommon trap: reason=class_check action=maybe_recompile pc=0x0000013307c25eb8 method=org.codehaus.plexus.interpolation.MapBasedValueSource.getValue(Ljava/lang/String;)Ljava/lang/Object; @ 16 c2
Event: 16.572 Thread 0x000001336ccd3f50 DEOPT PACKING pc=0x0000013307c25eb8 sp=0x00000005535fc540
Event: 16.572 Thread 0x000001336ccd3f50 DEOPT UNPACKING pc=0x0000013307652602 sp=0x00000005535fc4d8 mode 2
Event: 16.610 Thread 0x000001336ccd3f50 Uncommon trap: trap_request=0xffffffde fr.pc=0x0000013307c25eb8 relative=0x0000000000000438
Event: 16.610 Thread 0x000001336ccd3f50 Uncommon trap: reason=class_check action=maybe_recompile pc=0x0000013307c25eb8 method=org.codehaus.plexus.interpolation.MapBasedValueSource.getValue(Ljava/lang/String;)Ljava/lang/Object; @ 16 c2
Event: 16.610 Thread 0x000001336ccd3f50 DEOPT PACKING pc=0x0000013307c25eb8 sp=0x00000005535fc040
Event: 16.610 Thread 0x000001336ccd3f50 DEOPT UNPACKING pc=0x0000013307652602 sp=0x00000005535fbfd8 mode 2

Classes loaded (20 events):
Event: 16.289 Loading class java/util/Collections$UnmodifiableSortedMap
Event: 16.289 Loading class java/util/Collections$UnmodifiableSortedMap done
Event: 16.292 Loading class java/util/zip/Deflater
Event: 16.293 Loading class java/util/zip/Deflater done
Event: 16.294 Loading class java/util/zip/Deflater$DeflaterZStreamRef
Event: 16.295 Loading class java/util/zip/Deflater$DeflaterZStreamRef done
Event: 16.298 Loading class java/io/SequenceInputStream
Event: 16.298 Loading class java/io/SequenceInputStream done
Event: 16.312 Loading class java/util/Vector$1
Event: 16.312 Loading class java/util/Vector$1 done
Event: 16.346 Loading class java/io/DataOutputStream
Event: 16.349 Loading class java/io/DataOutputStream done
Event: 16.355 Loading class java/util/concurrent/ThreadPoolExecutor$Worker
Event: 16.355 Loading class java/util/concurrent/ThreadPoolExecutor$Worker done
Event: 16.363 Loading class java/util/concurrent/ConcurrentLinkedQueue$Itr
Event: 16.364 Loading class java/util/concurrent/ConcurrentLinkedQueue$Itr done
Event: 16.380 Loading class java/util/concurrent/ConcurrentLinkedDeque$Itr
Event: 16.380 Loading class java/util/concurrent/ConcurrentLinkedDeque$AbstractItr
Event: 16.380 Loading class java/util/concurrent/ConcurrentLinkedDeque$AbstractItr done
Event: 16.380 Loading class java/util/concurrent/ConcurrentLinkedDeque$Itr done

Classes unloaded (0 events):
No events

Classes redefined (0 events):
No events

Internal exceptions (20 events):
Event: 14.046 Thread 0x000001336ccd3f50 Exception <a 'sun/nio/fs/WindowsException'{0x0000000087afb9c0}> (0x0000000087afb9c0) 
thrown [s\open\src\hotspot\share\prims\jni.cpp, line 514]
Event: 14.052 Thread 0x000001336ccd3f50 Exception <a 'sun/nio/fs/WindowsException'{0x00000000879350f8}> (0x00000000879350f8) 
thrown [s\open\src\hotspot\share\prims\jni.cpp, line 514]
Event: 14.052 Thread 0x000001336ccd3f50 Exception <a 'sun/nio/fs/WindowsException'{0x0000000087935b18}> (0x0000000087935b18) 
thrown [s\open\src\hotspot\share\prims\jni.cpp, line 514]
Event: 14.056 Thread 0x000001336ccd3f50 Exception <a 'sun/nio/fs/WindowsException'{0x0000000087959ff8}> (0x0000000087959ff8) 
thrown [s\open\src\hotspot\share\prims\jni.cpp, line 514]
Event: 14.056 Thread 0x000001336ccd3f50 Exception <a 'sun/nio/fs/WindowsException'{0x000000008795aa18}> (0x000000008795aa18) 
thrown [s\open\src\hotspot\share\prims\jni.cpp, line 514]
Event: 14.067 Thread 0x000001336ccd3f50 Exception <a 'sun/nio/fs/WindowsException'{0x00000000879ccdf0}> (0x00000000879ccdf0) 
thrown [s\open\src\hotspot\share\prims\jni.cpp, line 514]
Event: 14.067 Thread 0x000001336ccd3f50 Exception <a 'sun/nio/fs/WindowsException'{0x00000000879cd520}> (0x00000000879cd520) 
thrown [s\open\src\hotspot\share\prims\jni.cpp, line 514]
Event: 14.067 Thread 0x000001336ccd3f50 Exception <a 'sun/nio/fs/WindowsException'{0x00000000879cdaf0}> (0x00000000879cdaf0) 
thrown [s\open\src\hotspot\share\prims\jni.cpp, line 514]
Event: 14.067 Thread 0x000001336ccd3f50 Exception <a 'sun/nio/fs/WindowsException'{0x00000000879ce1e0}> (0x00000000879ce1e0) 
thrown [s\open\src\hotspot\share\prims\jni.cpp, line 514]
Event: 14.067 Thread 0x000001336ccd3f50 Exception <a 'sun/nio/fs/WindowsException'{0x00000000879ce8b0}> (0x00000000879ce8b0) 
thrown [s\open\src\hotspot\share\prims\jni.cpp, line 514]
Event: 15.151 Thread 0x000001337b228720 Exception <a 'java/lang/NoSuchMethodError'{0x0000000088b7fae0}: 'java.lang.Object java.lang.invoke.DirectMethodHandle$Holder.invokeStatic(java.lang.Object, long, java.lang.Object)'> (0x0000000088b7fae0) 
thrown [s\open\src\hotspot\share\interpreter\linkResolver.cpp, line 804]
Event: 15.152 Thread 0x000001337b228720 Exception <a 'java/lang/NoSuchMethodError'{0x0000000088b87980}: 'java.lang.Object java.lang.invoke.DirectMethodHandle$Holder.invokeStaticInit(java.lang.Object, long, java.lang.Object)'> (0x0000000088b87980) 
thrown [s\open\src\hotspot\share\interpreter\linkResolver.cpp, line 804]
Event: 15.153 Thread 0x000001337b228720 Exception <a 'java/lang/NoSuchMethodError'{0x0000000088b96c30}: 'java.lang.Object java.lang.invoke.DirectMethodHandle$Holder.newInvokeSpecial(java.lang.Object, long)'> (0x0000000088b96c30) 
thrown [s\open\src\hotspot\share\interpreter\linkResolver.cpp, line 804]
Event: 15.162 Thread 0x000001337b228720 Exception <a 'java/lang/NoSuchMethodError'{0x0000000088a89990}: 'long java.lang.invoke.DirectMethodHandle$Holder.invokeInterface(java.lang.Object, java.lang.Object)'> (0x0000000088a89990) 
thrown [s\open\src\hotspot\share\interpreter\linkResolver.cpp, line 804]
Event: 15.163 Thread 0x000001337b228720 Exception <a 'java/lang/NoSuchMethodError'{0x0000000088a91c18}: 'java.lang.Object java.lang.invoke.DirectMethodHandle$Holder.invokeStatic(java.lang.Object, long)'> (0x0000000088a91c18) 
thrown [s\open\src\hotspot\share\interpreter\linkResolver.cpp, line 804]
Event: 15.163 Thread 0x000001337b228720 Exception <a 'java/lang/NoSuchMethodError'{0x0000000088a99cb0}: 'long java.lang.invoke.DelegatingMethodHandle$Holder.reinvoke_L(java.lang.Object, java.lang.Object)'> (0x0000000088a99cb0) 
thrown [s\open\src\hotspot\share\interpreter\linkResolver.cpp, line 804]
Event: 16.357 Thread 0x000001337b228720 Implicit null exception at 0x0000013307c3e958 to 0x0000013307c3ea20
Event: 16.358 Thread 0x000001337b228720 Implicit null exception at 0x0000013307c8ad62 to 0x0000013307c8b450
Event: 16.359 Thread 0x00000133135e0850 Implicit null exception at 0x0000013307c1724c to 0x0000013307c17314
Event: 16.360 Thread 0x00000133135dc9d0 Implicit null exception at 0x0000013307c4dcd8 to 0x0000013307c4dda0

VM Operations (20 events):
Event: 15.028 Executing non-safepoint VM operation: HandshakeAllThreads (Deoptimize) done
Event: 15.064 Executing safepoint VM operation: G1PauseRemark
Event: 15.087 Executing safepoint VM operation: G1PauseRemark done
Event: 15.114 Executing safepoint VM operation: G1PauseCleanup
Event: 15.114 Executing safepoint VM operation: G1PauseCleanup done
Event: 15.881 Executing non-safepoint VM operation: HandshakeAllThreads (Deoptimize)
Event: 15.881 Executing non-safepoint VM operation: HandshakeAllThreads (Deoptimize) done
Event: 16.280 Executing non-safepoint VM operation: HandshakeAllThreads (Deoptimize)
Event: 16.280 Executing non-safepoint VM operation: HandshakeAllThreads (Deoptimize) done
Event: 16.291 Executing non-safepoint VM operation: HandshakeAllThreads (Deoptimize)
Event: 16.291 Executing non-safepoint VM operation: HandshakeAllThreads (Deoptimize) done
Event: 16.316 Executing non-safepoint VM operation: HandshakeAllThreads (Deoptimize)
Event: 16.317 Executing non-safepoint VM operation: HandshakeAllThreads (Deoptimize) done
Event: 16.356 Executing non-safepoint VM operation: HandshakeAllThreads (Deoptimize)
Event: 16.356 Executing non-safepoint VM operation: HandshakeAllThreads (Deoptimize) done
Event: 16.370 Executing non-safepoint VM operation: HandshakeAllThreads (Deoptimize)
Event: 16.370 Executing non-safepoint VM operation: HandshakeAllThreads (Deoptimize) done
Event: 16.372 Executing non-safepoint VM operation: HandshakeAllThreads (Deoptimize)
Event: 16.372 Executing non-safepoint VM operation: HandshakeAllThreads (Deoptimize) done
Event: 16.732 Executing safepoint VM operation: G1CollectForAllocation (G1 Evacuation Pause)

Memory protections (0 events):
No events

Nmethod flushes (20 events):
Event: 15.085 Thread 0x000001336cd8ace0 flushing  nmethod 0x0000013300606788
Event: 15.085 Thread 0x000001336cd8ace0 flushing  nmethod 0x000001330065b708
Event: 15.085 Thread 0x000001336cd8ace0 flushing  nmethod 0x00000133006dfc08
Event: 15.085 Thread 0x000001336cd8ace0 flushing  nmethod 0x00000133006e3808
Event: 15.085 Thread 0x000001336cd8ace0 flushing  nmethod 0x000001330071c008
Event: 15.085 Thread 0x000001336cd8ace0 flushing  nmethod 0x0000013300723388
Event: 15.085 Thread 0x000001336cd8ace0 flushing  nmethod 0x0000013300724208
Event: 15.085 Thread 0x000001336cd8ace0 flushing  nmethod 0x0000013300724588
Event: 15.085 Thread 0x000001336cd8ace0 flushing  nmethod 0x0000013300725508
Event: 15.085 Thread 0x000001336cd8ace0 flushing  nmethod 0x0000013300725e88
Event: 15.085 Thread 0x000001336cd8ace0 flushing  nmethod 0x0000013300729008
Event: 15.085 Thread 0x000001336cd8ace0 flushing  nmethod 0x000001330072a708
Event: 15.085 Thread 0x000001336cd8ace0 flushing  nmethod 0x000001330072b308
Event: 15.085 Thread 0x000001336cd8ace0 flushing  nmethod 0x000001330072be88
Event: 15.085 Thread 0x000001336cd8ace0 flushing  nmethod 0x0000013300739388
Event: 15.085 Thread 0x000001336cd8ace0 flushing  nmethod 0x0000013300788d88
Event: 15.085 Thread 0x000001336cd8ace0 flushing  nmethod 0x000001330078da08
Event: 15.085 Thread 0x000001336cd8ace0 flushing  nmethod 0x0000013300792488
Event: 15.085 Thread 0x000001336cd8ace0 flushing  nmethod 0x00000133007cb608
Event: 15.085 Thread 0x000001336cd8ace0 flushing  nmethod 0x0000013300847908

Events (20 events):
Event: 13.839 Thread 0x00000133146f4b10 Thread exited: 0x00000133146f4b10
Event: 14.043 Thread 0x000001337b235770 Thread added: 0x00000133146eea50
Event: 15.031 Thread 0x000001336ccd3f50 Thread added: 0x000001337b228720
Event: 15.170 Thread 0x000001337b228720 Thread exited: 0x000001337b228720
Event: 16.357 Thread 0x000001336ccd3f50 Thread added: 0x000001337b228720
Event: 16.357 Thread 0x000001336ccd3f50 Thread added: 0x00000133135e0850
Event: 16.358 Thread 0x000001336ccd3f50 Thread added: 0x00000133135e3730
Event: 16.358 Thread 0x000001336ccd3f50 Thread added: 0x00000133135dd970
Event: 16.359 Thread 0x000001336ccd3f50 Thread added: 0x00000133135dc9d0
Event: 16.359 Thread 0x000001336ccd3f50 Thread added: 0x00000133135e1020
Event: 16.359 Thread 0x000001336ccd3f50 Thread added: 0x00000133135de140
Event: 16.360 Thread 0x000001336ccd3f50 Thread added: 0x00000133135df8b0
Event: 16.381 Thread 0x000001337b228720 Thread exited: 0x000001337b228720
Event: 16.381 Thread 0x00000133135df8b0 Thread exited: 0x00000133135df8b0
Event: 16.381 Thread 0x00000133135dd970 Thread exited: 0x00000133135dd970
Event: 16.381 Thread 0x00000133135e3730 Thread exited: 0x00000133135e3730
Event: 16.381 Thread 0x00000133135de140 Thread exited: 0x00000133135de140
Event: 16.382 Thread 0x00000133135e0850 Thread exited: 0x00000133135e0850
Event: 16.382 Thread 0x00000133135e1020 Thread exited: 0x00000133135e1020
Event: 16.382 Thread 0x00000133135dc9d0 Thread exited: 0x00000133135dc9d0


Dynamic libraries:
0x00007ff6a6b40000 - 0x00007ff6a6b50000 	C:\Program Files (x86)\java\bin\java.exe
0x00007ff825fd0000 - 0x00007ff8261c8000 	C:\Windows\SYSTEM32\ntdll.dll
0x00007ff824f80000 - 0x00007ff825042000 	C:\Windows\System32\KERNEL32.DLL
0x00007ff823660000 - 0x00007ff823956000 	C:\Windows\System32\KERNELBASE.dll
0x00007ff823960000 - 0x00007ff823a60000 	C:\Windows\System32\ucrtbase.dll
0x00007fffee090000 - 0x00007fffee0a7000 	C:\Program Files (x86)\java\bin\jli.dll
0x00007ff812970000 - 0x00007ff81298e000 	C:\Program Files (x86)\java\bin\VCRUNTIME140.dll
0x00007ff824020000 - 0x00007ff8241c1000 	C:\Windows\System32\USER32.dll
0x00007ff823fc0000 - 0x00007ff823fe2000 	C:\Windows\System32\win32u.dll
0x00007ff80f400000 - 0x00007ff80f69b000 	C:\Windows\WinSxS\amd64_microsoft.windows.common-controls_6595b64144ccf1df_6.0.19041.6456_none_60b8a6cb71f64256\COMCTL32.dll
0x00007ff823ff0000 - 0x00007ff82401b000 	C:\Windows\System32\GDI32.dll
0x00007ff825e50000 - 0x00007ff825eee000 	C:\Windows\System32\msvcrt.dll
0x00007ff823d40000 - 0x00007ff823e59000 	C:\Windows\System32\gdi32full.dll
0x00007ff823a60000 - 0x00007ff823afd000 	C:\Windows\System32\msvcp_win.dll
0x00007ff824350000 - 0x00007ff82437f000 	C:\Windows\System32\IMM32.DLL
0x00007ff810c10000 - 0x00007ff810c1c000 	C:\Program Files (x86)\java\bin\vcruntime140_1.dll
0x00007ffff2130000 - 0x00007ffff21bd000 	C:\Program Files (x86)\java\bin\msvcp140.dll
0x00007fffd7b70000 - 0x00007fffd8a3e000 	C:\Program Files (x86)\java\bin\server\jvm.dll
0x00007ff824480000 - 0x00007ff824531000 	C:\Windows\System32\ADVAPI32.dll
0x00007ff824380000 - 0x00007ff82441f000 	C:\Windows\System32\sechost.dll
0x00007ff824610000 - 0x00007ff824730000 	C:\Windows\System32\RPCRT4.dll
0x00007ff823d10000 - 0x00007ff823d37000 	C:\Windows\System32\bcrypt.dll
0x00007ff824aa0000 - 0x00007ff824b0b000 	C:\Windows\System32\WS2_32.dll
0x00007ff822cb0000 - 0x00007ff822cfb000 	C:\Windows\SYSTEM32\POWRPROF.dll
0x00007ff81de30000 - 0x00007ff81de3a000 	C:\Windows\SYSTEM32\VERSION.dll
0x00007ff81bda0000 - 0x00007ff81bdc7000 	C:\Windows\SYSTEM32\WINMM.dll
0x00007ff822b90000 - 0x00007ff822ba2000 	C:\Windows\SYSTEM32\UMPDC.dll
0x00007ff8214b0000 - 0x00007ff8214c2000 	C:\Windows\SYSTEM32\kernel.appcore.dll
0x00007ff81f900000 - 0x00007ff81f90a000 	C:\Program Files (x86)\java\bin\jimage.dll
0x00007ff81b990000 - 0x00007ff81bb91000 	C:\Windows\SYSTEM32\DBGHELP.DLL
0x00007ff808c90000 - 0x00007ff808cc4000 	C:\Windows\SYSTEM32\dbgcore.DLL
0x00007ff823f30000 - 0x00007ff823fb2000 	C:\Windows\System32\bcryptPrimitives.dll
0x00007ff811820000 - 0x00007ff81183f000 	C:\Program Files (x86)\java\bin\java.dll
0x00007ff825060000 - 0x00007ff82518b000 	C:\Windows\System32\ole32.dll
0x00007ff825380000 - 0x00007ff8256d4000 	C:\Windows\System32\combase.dll
0x00007ff8256e0000 - 0x00007ff825e50000 	C:\Windows\System32\SHELL32.dll
0x00007ff8216b0000 - 0x00007ff821e55000 	C:\Windows\SYSTEM32\windows.storage.dll
0x00007ff822fb0000 - 0x00007ff822fdb000 	C:\Windows\SYSTEM32\Wldp.dll
0x00007ff824730000 - 0x00007ff8247fd000 	C:\Windows\System32\OLEAUT32.dll
0x00007ff825190000 - 0x00007ff82523d000 	C:\Windows\System32\SHCORE.dll
0x00007ff824540000 - 0x00007ff82459b000 	C:\Windows\System32\shlwapi.dll
0x00007ff823590000 - 0x00007ff8235b4000 	C:\Windows\SYSTEM32\profapi.dll
0x00007ffffe460000 - 0x00007ffffe472000 	C:\Program Files (x86)\java\bin\net.dll
0x00007ff822d90000 - 0x00007ff822dfa000 	C:\Windows\system32\mswsock.dll
0x00007ffffe440000 - 0x00007ffffe456000 	C:\Program Files (x86)\java\bin\nio.dll
0x00007ffffdf10000 - 0x00007ffffdf27000 	C:\Program Files (x86)\java\bin\zip.dll
0x00007fffe9d10000 - 0x00007fffe9d34000 	C:\Users\connect\.m2\wrapper\dists\apache-maven-3.9.14\ed7edd442f634ac1c1ef5ba2b61b6d690b5221091f1a8e1123f5fadcc967520d\lib\jansi-native\Windows\x86_64\jansi.dll
0x00007ff815fd0000 - 0x00007ff815fe0000 	C:\Program Files (x86)\java\bin\verify.dll

JVMTI agents: none

dbghelp: loaded successfully - version: 4.0.5 - missing functions: none
symbol engine: initialized successfully - sym options: 0x614 - pdb path: .;C:\Program Files (x86)\java\bin;C:\Windows\SYSTEM32;C:\Windows\WinSxS\amd64_microsoft.windows.common-controls_6595b64144ccf1df_6.0.19041.6456_none_60b8a6cb71f64256;C:\Program Files (x86)\java\bin\server;C:\Users\connect\.m2\wrapper\dists\apache-maven-3.9.14\ed7edd442f634ac1c1ef5ba2b61b6d690b5221091f1a8e1123f5fadcc967520d\lib\jansi-native\Windows\x86_64

VM Arguments:
jvm_args: --enable-native-access=ALL-UNNAMED -Dclassworlds.conf=C:\Users\connect\.m2\wrapper\dists\apache-maven-3.9.14\ed7edd442f634ac1c1ef5ba2b61b6d690b5221091f1a8e1123f5fadcc967520d\bin\m2.conf -Dmaven.home=C:\Users\connect\.m2\wrapper\dists\apache-maven-3.9.14\ed7edd442f634ac1c1ef5ba2b61b6d690b5221091f1a8e1123f5fadcc967520d -Dlibrary.jansi.path=C:\Users\connect\.m2\wrapper\dists\apache-maven-3.9.14\ed7edd442f634ac1c1ef5ba2b61b6d690b5221091f1a8e1123f5fadcc967520d\lib\jansi-native -Dmaven.multiModuleProjectDirectory=E:\auth-service\auth-service 
java_command: org.codehaus.plexus.classworlds.launcher.Launcher clean package -DskipTests
java_class_path (initial): C:\Users\connect\.m2\wrapper\dists\apache-maven-3.9.14\ed7edd442f634ac1c1ef5ba2b61b6d690b5221091f1a8e1123f5fadcc967520d\boot\plexus-classworlds-2.9.0.jar
Launcher Type: SUN_STANDARD

[Global flags]
     bool AOTAdapterCaching                        = false                                  {diagnostic} {ergonomic}
     bool AOTInvokeDynamicLinking                  = false                                  {diagnostic} {ergonomic}
     bool AOTRecordTraining                        = false                                  {diagnostic} {ergonomic}
     bool AOTReplayTraining                        = false                                  {diagnostic} {ergonomic}
     bool AOTStubCaching                           = false                                  {diagnostic} {ergonomic}
     intx CICompilerCount                          = 4                                         {product} {ergonomic}
     uint ConcGCThreads                            = 2                                         {product} {ergonomic}
     uint G1ConcRefinementThreads                  = 8                                         {product} {ergonomic}
     uint G1EagerReclaimRemSetThreshold            = 10                                   {experimental} {ergonomic}
   size_t G1HeapRegionSize                         = 1048576                                   {product} {ergonomic}
     uint G1RemSetArrayOfCardsEntries              = 10                                   {experimental} {ergonomic}
     uint G1RemSetHowlMaxNumBuckets                = 8                                    {experimental} {ergonomic}
     uint G1RemSetHowlNumBuckets                   = 4                                    {experimental} {ergonomic}
   size_t InitialHeapSize                          = 8388608                                   {product} {ergonomic}
     bool IntelJccErratumMitigation                = true                              {ARCH diagnostic} {ergonomic}
   size_t MarkStackSize                            = 4194304                                   {product} {ergonomic}
   size_t MarkStackSizeMax                         = 536870912                                 {product} {ergonomic}
   size_t MaxHeapSize                              = 2130706432                                {product} {ergonomic}
   size_t MaxNewSize                               = 1278214144                                {product} {ergonomic}
 uint64_t MaxRAM                                   = 8515710976                                {product} {ergonomic}
   size_t MinHeapDeltaBytes                        = 1048576                                   {product} {ergonomic}
   size_t MinHeapSize                              = 8388608                                   {product} {ergonomic}
   size_t NonNMethodCodeHeapSize                   = 5832704                                {pd product} {ergonomic}
   size_t NonProfiledCodeHeapSize                  = 122945536                              {pd product} {ergonomic}
   size_t ProfiledCodeHeapSize                     = 122880000                              {pd product} {ergonomic}
   size_t ReservedCodeCacheSize                    = 251658240                              {pd product} {ergonomic}
     bool SegmentedCodeCache                       = true                                      {product} {ergonomic}
   size_t SoftMaxHeapSize                          = 2130706432                             {manageable} {ergonomic}
     bool UseCompressedOops                        = true                           {product lp64_product} {ergonomic}
     bool UseCondCardMark                          = true                                      {product} {ergonomic}
     bool UseFastUnorderedTimeStamps               = true                                 {experimental} {ergonomic}
     bool UseG1GC                                  = true                                      {product} {ergonomic}
     bool UseLargePagesIndividualAllocation        = false                                  {pd product} {ergonomic}
      int X86ICacheSync                            = 2                                 {ARCH diagnostic} {ergonomic}

Logging:
Log output configuration:
 #0: stdout all=warning uptime,level,tags foldmultilines=false
 #1: stderr all=off uptime,level,tags foldmultilines=false

Release file:
IMPLEMENTOR="Oracle Corporation" 
JAVA_RUNTIME_VERSION="26+35-2893" 
JAVA_VERSION="26" 
JAVA_VERSION_DATE="2026-03-17" 
LIBC="default" 
MODULES="java.base java.compiler java.datatransfer java.xml java.prefs java.desktop java.instrument java.logging java.management java.security.sasl java.naming java.rmi java.management.rmi java.net.http java.scripting java.security.jgss java.transaction.xa java.sql java.sql.rowset java.xml.crypto java.se java.smartcardio jdk.accessibility jdk.internal.jvmstat jdk.attach jdk.charsets jdk.internal.opt jdk.zipfs jdk.compiler jdk.crypto.cryptoki jdk.crypto.ec jdk.crypto.mscapi jdk.dynalink jdk.internal.ed jdk.editpad jdk.internal.vm.ci jdk.graal.compiler jdk.graal.compiler.management jdk.hotspot.agent jdk.httpserver jdk.incubator.vector jdk.internal.le jdk.internal.md jdk.jartool jdk.javadoc jdk.jcmd jdk.management jdk.management.agent jdk.jconsole jdk.jdeps jdk.jdwp.agent jdk.jdi jdk.jfr jdk.jlink jdk.jpackage jdk.jshell jdk.jstatd jdk.localedata jdk.management.jfr jdk.naming.dns jdk.naming.rmi jdk.net jdk.nio.mapmode jdk.sctp jdk.security.auth jdk.security.jgss jdk.unsupported jdk.unsupported.desktop jdk.xml.dom" 
OS_ARCH="x86_64" 
OS_NAME="Windows" 
SOURCE=".:git:1327d96f3b3c open:git:4408cd2a07a1" 

Environment Variables:
JAVA_HOME=C:\Program Files (x86)\java
PATH=C:\Program Files\Common Files\Oracle\Java\javapath;C:\Windows\system32;C:\Windows;C:\Windows\System32\Wbem;C:\Windows\System32\WindowsPowerShell\v1.0\;C:\Windows\System32\OpenSSH\;C:\Program Files\NVIDIA Corporation\NVIDIA NvDLISR;C:\Program Files (x86)\NVIDIA Corporation\PhysX\Common;C:\Users\connect\.config\herd\bin\nvm;C:\Program Files\nodejs;C:\xampp\php;C:\Program Files\Docker\Docker\resources\bin;E:\jdk-26_windows-x64_bin;C:\Program Files (x86)\java\bin;C:\Users\connect\.local\bin;C:\Program Files\MySQL\MySQL Shell 8.0\bin\;C:\Users\connect\.config\herd\bin;C:\Users\connect\AppData\Local\Microsoft\WindowsApps;C:\Users\connect\AppData\Local\Programs\Microsoft VS Code\bin
USERNAME=connect
OS=Windows_NT
PROCESSOR_IDENTIFIER=Intel64 Family 6 Model 165 Stepping 3, GenuineIntel
TMP=C:\Users\connect\AppData\Local\Temp
TEMP=C:\Users\connect\AppData\Local\Temp




Compilation memory statistics disabled.

Periodic native trim disabled

---------------  S Y S T E M  ---------------

OS:
 Windows 10 , 64 bit Build 19041 (10.0.19041.5915)
OS uptime: 2 days 1:04 hours
Hyper-V role detected

CPU: total 8 (initial active 8) (4 cores per cpu, 2 threads per core) family 6 model 165 stepping 3 microcode 0xe0, cx8, cmov, fxsr, ht, mmx, 3dnowpref, sse, sse2, sse3, ssse3, sse4.1, sse4.2, popcnt, lzcnt, tsc, tscinvbit, avx, avx2, aes, erms, clmul, bmi1, bmi2, adx, fma, vzeroupper, clflush, clflushopt, hv, rdtscp, f16c
Processor Information for the first 8 processors :
  Max Mhz: 3600, Current Mhz: 3600, Mhz Limit: 3600

Memory: 4k page, system-wide physical 8121M (403M free)
TotalPageFile size 16738M (AvailPageFile size 118M)
current process WorkingSet (physical memory assigned to process): 310M, peak: 328M
current process commit charge ("private bytes"): 342M, peak: 640M

vm_info: Java HotSpot(TM) 64-Bit Server VM (26+35-2893) for windows-amd64 JRE (26+35-2893), built on 2026-02-12T17:04:02Z with MS VC++ 17.13 (VS2022)

END.
